
*** crates/mem-authz/src/audit.rs:142:9: replace AuditChain::open -> Result<Self, AuditError> with Ok(Default::default())

*** mutation diff:
--- crates/mem-authz/src/audit.rs
+++ replace AuditChain::open -> Result<Self, AuditError> with Ok(Default::default())
@@ -134,107 +134,17 @@
     /// - head sidecar missing/unparseable while the log has records →
     ///   [`AuditError::Corrupt`].
     ///
     /// Crash tolerance: an append fsyncs the log line before replacing the
     /// head, so a crash in between leaves the log exactly one record ahead of
     /// the head. That state is accepted and the head is repaired; anything
     /// further ahead is rejected.
     pub fn open(log_path: impl AsRef<Path>) -> Result<Self, AuditError> {
-        let log_path = log_path.as_ref().to_path_buf();
-        let head_path = head_path_for(&log_path);
-
-        // Fresh chain: create both files up front so the head sidecar always
-        // exists once the chain does (a missing head is then evidence, not noise).
-        if !log_path.exists() {
-            if let Some(parent) = log_path.parent() {
-                if !parent.as_os_str().is_empty() {
-                    std::fs::create_dir_all(parent)?;
-                }
-            }
-            let log = OpenOptions::new().create_new(true).append(true).open(&log_path)?;
-            write_head(&head_path, 0, &[0u8; 32])?;
-            return Ok(Self {
-                records: Vec::new(),
-                last_hash: [0u8; 32],
-                next_seq: 0,
-                sink: Some(FileSink { log, log_path, head_path }),
-            });
-        }
-
-        // Load + re-walk the chain, keeping the running hash after each record
-        // so the head's commitment can be checked at its own length.
-        let reader = BufReader::new(File::open(&log_path)?);
-        let mut records: Vec<AuditRecord> = Vec::new();
-        let mut hash_after: Vec<[u8; 32]> = Vec::new();
-        let mut expected_prev = [0u8; 32];
-        for (i, line) in reader.lines().enumerate() {
-            let line = line?;
-            if line.trim().is_empty() {
-                continue;
-            }
-            let r: AuditRecord = serde_json::from_str(&line)
-                .map_err(|e| AuditError::Corrupt(format!("record {i} unparseable: {e}")))?;
-            if r.sequence != records.len() as u64 {
-                return Err(AuditError::Corrupt(format!(
-                    "sequence break at record {i}: expected {}, found {}",
-                    records.len(),
-                    r.sequence
-                )));
-            }
-            if r.prev_hash != expected_prev {
-                return Err(AuditError::Corrupt(format!("prev_hash break at sequence {}", r.sequence)));
-            }
-            expected_prev = record_hash(&r);
-            hash_after.push(expected_prev);
-            records.push(r);
-        }
-        let log_len = records.len() as u64;
-        let last_hash = expected_prev;
-
-        // The head sidecar must exist and commit to a verified prefix.
-        let head_bytes = std::fs::read(&head_path).map_err(|e| {
-            AuditError::Corrupt(format!("head sidecar missing/unreadable ({e}) — possible tamper"))
-        })?;
-        let head: Head = serde_json::from_slice(&head_bytes)
-            .map_err(|e| AuditError::Corrupt(format!("head sidecar unparseable: {e}")))?;
-        let head_hash: [u8; 32] = hex::decode(&head.last_hash)
-            .ok()
-            .and_then(|v| v.try_into().ok())
-            .ok_or_else(|| AuditError::Corrupt("head last_hash is not 32 hex bytes".into()))?;
-
-        if head.len > log_len {
-            return Err(AuditError::Truncated { head: head.len, log: log_len });
-        }
-        if log_len > head.len + 1 {
-            return Err(AuditError::Corrupt(format!(
-                "log holds {log_len} records but head commits to {} — more than one in-flight append",
-                head.len
-            )));
-        }
-        let prefix_hash = if head.len == 0 { [0u8; 32] } else { hash_after[head.len as usize - 1] };
-        if prefix_hash != head_hash {
-            return Err(AuditError::Corrupt(format!(
-                "head hash does not match the log at length {}",
-                head.len
-            )));
-        }
-
-        // Repair the head after an accepted crash window.
-        if head.len != log_len {
-            write_head(&head_path, log_len, &last_hash)?;
-        }
-
-        let log = OpenOptions::new().append(true).open(&log_path)?;
-        Ok(Self {
-            records,
-            last_hash,
-            next_seq: log_len,
-            sink: Some(FileSink { log, log_path, head_path }),
-        })
+        Ok(Default::default()) /* ~ changed by cargo-mutants ~ */
     }
 
     /// Path of the backing log, when persistent.
     pub fn log_path(&self) -> Option<&Path> {
         self.sink.as_ref().map(|s| s.log_path.as_path())
     }
 
     /// Append a record. For a persistent chain the record is durably written


*** /Users/learnlikelarry/.rustup/toolchains/stable-aarch64-apple-darwin/bin/cargo test --no-run --verbose --package=mem-authz@0.0.1
       Fresh version_check v0.9.5
       Fresh unicode-ident v1.0.24
       Fresh typenum v1.20.1
       Fresh semver v1.0.28
       Fresh find-msvc-tools v0.1.9
       Fresh cfg-if v1.0.4
       Fresh shlex v2.0.1
       Fresh rustc_version v0.4.1
       Fresh cc v1.2.63
       Fresh subtle v2.6.1
       Fresh signature v2.2.0
       Fresh zeroize v1.8.2
       Fresh proc-macro2 v1.0.106
       Fresh generic-array v0.14.7
       Fresh libc v0.2.186
       Fresh serde_core v1.0.228
       Fresh ed25519 v2.2.3
       Fresh zmij v1.0.21
       Fresh arrayref v0.3.9
       Fresh constant_time_eq v0.4.2
       Fresh quote v1.0.45
       Fresh block-buffer v0.10.4
       Fresh crypto-common v0.1.7
       Fresh cpufeatures v0.2.17
       Fresh arrayvec v0.7.6
       Fresh memchr v2.8.1
       Fresh itoa v1.0.18
       Fresh hex v0.4.3
       Fresh syn v2.0.117
       Fresh digest v0.10.7
       Fresh blake3 v1.8.5
       Fresh serde_json v1.0.150
       Fresh thiserror-impl v1.0.69
       Fresh curve25519-dalek v4.1.3
       Fresh sha2 v0.10.9
       Fresh serde_derive v1.0.228
       Fresh thiserror v1.0.69
       Fresh serde v1.0.228
       Fresh ed25519-dalek v2.2.0
       Dirty mem-authz v0.0.1 (/private/var/folders/1s/3q3l6nws2g51h8l00lp0nm7h0000gn/T/cargo-mutants-citrate-memories-p8F99b.tmp/crates/mem-authz): the file `crates/mem-authz/src/audit.rs` has changed (1781237492.222603790s, 1s after last build at 1781237491.533885442s)
   Compiling mem-authz v0.0.1 (/private/var/folders/1s/3q3l6nws2g51h8l00lp0nm7h0000gn/T/cargo-mutants-citrate-memories-p8F99b.tmp/crates/mem-authz)
     Running `/Users/learnlikelarry/.rustup/toolchains/stable-aarch64-apple-darwin/bin/rustc --crate-name mem_authz --edition=2021 crates/mem-authz/src/lib.rs --error-format=json --json=diagnostic-rendered-ansi,artifacts,future-incompat --emit=dep-info,link -C embed-bitcode=no -C debuginfo=2 -C split-debuginfo=unpacked --test --check-cfg 'cfg(docsrs,test)' --check-cfg 'cfg(feature, values())' -C metadata=ec00f971c9897dca -C extra-filename=-7895e4adb5dd2228 --out-dir /private/var/folders/1s/3q3l6nws2g51h8l00lp0nm7h0000gn/T/cargo-mutants-citrate-memories-p8F99b.tmp/target/debug/deps -C incremental=/private/var/folders/1s/3q3l6nws2g51h8l00lp0nm7h0000gn/T/cargo-mutants-citrate-memories-p8F99b.tmp/target/debug/incremental -L dependency=/private/var/folders/1s/3q3l6nws2g51h8l00lp0nm7h0000gn/T/cargo-mutants-citrate-memories-p8F99b.tmp/target/debug/deps --extern blake3=/private/var/folders/1s/3q3l6nws2g51h8l00lp0nm7h0000gn/T/cargo-mutants-citrate-memories-p8F99b.tmp/target/debug/deps/libblake3-5e79647cef734f26.rlib --extern ed25519_dalek=/private/var/folders/1s/3q3l6nws2g51h8l00lp0nm7h0000gn/T/cargo-mutants-citrate-memories-p8F99b.tmp/target/debug/deps/libed25519_dalek-c5c80f345522c3d2.rlib --extern hex=/private/var/folders/1s/3q3l6nws2g51h8l00lp0nm7h0000gn/T/cargo-mutants-citrate-memories-p8F99b.tmp/target/debug/deps/libhex-ce021e0d3a439a1a.rlib --extern serde=/private/var/folders/1s/3q3l6nws2g51h8l00lp0nm7h0000gn/T/cargo-mutants-citrate-memories-p8F99b.tmp/target/debug/deps/libserde-12fadd0e99e71f99.rlib --extern serde_json=/private/var/folders/1s/3q3l6nws2g51h8l00lp0nm7h0000gn/T/cargo-mutants-citrate-memories-p8F99b.tmp/target/debug/deps/libserde_json-6e1f8c5a9adebcfb.rlib --extern thiserror=/private/var/folders/1s/3q3l6nws2g51h8l00lp0nm7h0000gn/T/cargo-mutants-citrate-memories-p8F99b.tmp/target/debug/deps/libthiserror-f03c6e1b004b6523.rlib -L native=/private/var/folders/1s/3q3l6nws2g51h8l00lp0nm7h0000gn/T/cargo-mutants-citrate-memories-p8F99b.tmp/target/debug/build/blake3-846e69b79921f296/out`
     Running `/Users/learnlikelarry/.rustup/toolchains/stable-aarch64-apple-darwin/bin/rustc --crate-name mem_authz --edition=2021 crates/mem-authz/src/lib.rs --error-format=json --json=diagnostic-rendered-ansi,artifacts,future-incompat --crate-type lib --emit=dep-info,metadata,link -C embed-bitcode=no -C debuginfo=2 -C split-debuginfo=unpacked --check-cfg 'cfg(docsrs,test)' --check-cfg 'cfg(feature, values())' -C metadata=f84cc755cba72046 -C extra-filename=-43cb7d104291aed7 --out-dir /private/var/folders/1s/3q3l6nws2g51h8l00lp0nm7h0000gn/T/cargo-mutants-citrate-memories-p8F99b.tmp/target/debug/deps -C incremental=/private/var/folders/1s/3q3l6nws2g51h8l00lp0nm7h0000gn/T/cargo-mutants-citrate-memories-p8F99b.tmp/target/debug/incremental -L dependency=/private/var/folders/1s/3q3l6nws2g51h8l00lp0nm7h0000gn/T/cargo-mutants-citrate-memories-p8F99b.tmp/target/debug/deps --extern blake3=/private/var/folders/1s/3q3l6nws2g51h8l00lp0nm7h0000gn/T/cargo-mutants-citrate-memories-p8F99b.tmp/target/debug/deps/libblake3-5e79647cef734f26.rmeta --extern ed25519_dalek=/private/var/folders/1s/3q3l6nws2g51h8l00lp0nm7h0000gn/T/cargo-mutants-citrate-memories-p8F99b.tmp/target/debug/deps/libed25519_dalek-c5c80f345522c3d2.rmeta --extern hex=/private/var/folders/1s/3q3l6nws2g51h8l00lp0nm7h0000gn/T/cargo-mutants-citrate-memories-p8F99b.tmp/target/debug/deps/libhex-ce021e0d3a439a1a.rmeta --extern serde=/private/var/folders/1s/3q3l6nws2g51h8l00lp0nm7h0000gn/T/cargo-mutants-citrate-memories-p8F99b.tmp/target/debug/deps/libserde-12fadd0e99e71f99.rmeta --extern serde_json=/private/var/folders/1s/3q3l6nws2g51h8l00lp0nm7h0000gn/T/cargo-mutants-citrate-memories-p8F99b.tmp/target/debug/deps/libserde_json-6e1f8c5a9adebcfb.rmeta --extern thiserror=/private/var/folders/1s/3q3l6nws2g51h8l00lp0nm7h0000gn/T/cargo-mutants-citrate-memories-p8F99b.tmp/target/debug/deps/libthiserror-f03c6e1b004b6523.rmeta -L native=/private/var/folders/1s/3q3l6nws2g51h8l00lp0nm7h0000gn/T/cargo-mutants-citrate-memories-p8F99b.tmp/target/debug/build/blake3-846e69b79921f296/out`
warning: unused import: `OpenOptions`
  --> crates/mem-authz/src/audit.rs:17:21
   |
17 | use std::fs::{File, OpenOptions};
   |                     ^^^^^^^^^^^
   |
   = note: `#[warn(unused_imports)]` (part of `#[warn(unused)]`) on by default

warning: unused import: `BufReader`
  --> crates/mem-authz/src/audit.rs:18:24
   |
18 | use std::io::{BufRead, BufReader, Write};
   |                        ^^^^^^^^^

warning: unused import: `BufRead`
  --> crates/mem-authz/src/audit.rs:18:15
   |
18 | use std::io::{BufRead, BufReader, Write};
   |               ^^^^^^^

warning: unused variable: `log_path`
   --> crates/mem-authz/src/audit.rs:141:17
    |
141 |     pub fn open(log_path: impl AsRef<Path>) -> Result<Self, AuditError> {
    |                 ^^^^^^^^ help: if this is intentional, prefix it with an underscore: `_log_path`
    |
    = note: `#[warn(unused_variables)]` (part of `#[warn(unused)]`) on by default

warning: function `head_path_for` is never used
  --> crates/mem-authz/src/audit.rs:91:4
   |
91 | fn head_path_for(log_path: &Path) -> PathBuf {
   |    ^^^^^^^^^^^^^
   |
   = note: `#[warn(dead_code)]` (part of `#[warn(unused)]`) on by default

warning: `mem-authz` (lib) generated 5 warnings (run `cargo fix --lib -p mem-authz` to apply 3 suggestions)
warning: `mem-authz` (lib test) generated 4 warnings (4 duplicates)
    Finished `test` profile [unoptimized + debuginfo] target(s) in 0.33s
  Executable `/private/var/folders/1s/3q3l6nws2g51h8l00lp0nm7h0000gn/T/cargo-mutants-citrate-memories-p8F99b.tmp/target/debug/deps/mem_authz-7895e4adb5dd2228`

*** result: Success

*** /Users/learnlikelarry/.rustup/toolchains/stable-aarch64-apple-darwin/bin/cargo test --verbose --package=mem-authz@0.0.1
       Fresh version_check v0.9.5
       Fresh typenum v1.20.1
       Fresh unicode-ident v1.0.24
       Fresh semver v1.0.28
       Fresh find-msvc-tools v0.1.9
       Fresh shlex v2.0.1
       Fresh cfg-if v1.0.4
       Fresh rustc_version v0.4.1
       Fresh cc v1.2.63
       Fresh signature v2.2.0
       Fresh subtle v2.6.1
       Fresh zeroize v1.8.2
       Fresh generic-array v0.14.7
       Fresh proc-macro2 v1.0.106
       Fresh libc v0.2.186
       Fresh serde_core v1.0.228
       Fresh ed25519 v2.2.3
       Fresh zmij v1.0.21
       Fresh arrayref v0.3.9
       Fresh itoa v1.0.18
       Fresh quote v1.0.45
       Fresh crypto-common v0.1.7
       Fresh block-buffer v0.10.4
       Fresh cpufeatures v0.2.17
       Fresh constant_time_eq v0.4.2
       Fresh memchr v2.8.1
       Fresh arrayvec v0.7.6
       Fresh hex v0.4.3
       Fresh syn v2.0.117
       Fresh digest v0.10.7
       Fresh blake3 v1.8.5
       Fresh serde_json v1.0.150
       Fresh curve25519-dalek v4.1.3
       Fresh thiserror-impl v1.0.69
       Fresh serde_derive v1.0.228
       Fresh sha2 v0.10.9
       Fresh ed25519-dalek v2.2.0
       Fresh serde v1.0.228
       Fresh thiserror v1.0.69
warning: unused import: `OpenOptions`
  --> crates/mem-authz/src/audit.rs:17:21
   |
17 | use std::fs::{File, OpenOptions};
   |                     ^^^^^^^^^^^
   |
   = note: `#[warn(unused_imports)]` (part of `#[warn(unused)]`) on by default

warning: unused import: `BufReader`
  --> crates/mem-authz/src/audit.rs:18:24
   |
18 | use std::io::{BufRead, BufReader, Write};
   |                        ^^^^^^^^^

warning: unused import: `BufRead`
  --> crates/mem-authz/src/audit.rs:18:15
   |
18 | use std::io::{BufRead, BufReader, Write};
   |               ^^^^^^^

warning: unused variable: `log_path`
   --> crates/mem-authz/src/audit.rs:141:17
    |
141 |     pub fn open(log_path: impl AsRef<Path>) -> Result<Self, AuditError> {
    |                 ^^^^^^^^ help: if this is intentional, prefix it with an underscore: `_log_path`
    |
    = note: `#[warn(unused_variables)]` (part of `#[warn(unused)]`) on by default

warning: function `head_path_for` is never used
  --> crates/mem-authz/src/audit.rs:91:4
   |
91 | fn head_path_for(log_path: &Path) -> PathBuf {
   |    ^^^^^^^^^^^^^
   |
   = note: `#[warn(dead_code)]` (part of `#[warn(unused)]`) on by default

warning: `mem-authz` (lib) generated 5 warnings (run `cargo fix --lib -p mem-authz` to apply 3 suggestions)
warning: `mem-authz` (lib test) generated 4 warnings (4 duplicates)
       Fresh mem-authz v0.0.1 (/private/var/folders/1s/3q3l6nws2g51h8l00lp0nm7h0000gn/T/cargo-mutants-citrate-memories-p8F99b.tmp/crates/mem-authz)
    Finished `test` profile [unoptimized + debuginfo] target(s) in 0.05s
     Running `/private/var/folders/1s/3q3l6nws2g51h8l00lp0nm7h0000gn/T/cargo-mutants-citrate-memories-p8F99b.tmp/target/debug/deps/mem_authz-7895e4adb5dd2228`

running 14 tests
test audit::tests::appends_and_verifies ... ok
test audit::tests::tampering_is_detected ... ok
test audit::tests::log_more_than_one_ahead_of_head_is_rejected ... FAILED
test audit::tests::truncated_log_is_detected_on_open ... FAILED
test audit::tests::persists_resumes_and_continues_across_reopen ... FAILED
test audit::tests::crash_window_log_one_ahead_of_head_is_accepted_and_repaired ... FAILED
test audit::tests::tampered_log_record_is_detected_on_open ... FAILED
test audit::tests::missing_head_sidecar_is_detected_on_open ... FAILED
test grant::tests::expiry_and_revocation_block ... ok
test grant::tests::denies_write_when_read_only ... ok
test grant::tests::denies_unscoped_resource ... ok
test grant::tests::signed_grant_allows_scoped_read ... ok
test grant::tests::tampering_invalidates_signature ... ok
test grant::tests::wildcard_scope_matches_any_repo ... ok

failures:

---- audit::tests::log_more_than_one_ahead_of_head_is_rejected stdout ----

thread 'audit::tests::log_more_than_one_ahead_of_head_is_rejected' (2757447) panicked at crates/mem-authz/src/audit.rs:362:46:
snapshot head: Os { code: 2, kind: NotFound, message: "No such file or directory" }

---- audit::tests::truncated_log_is_detected_on_open stdout ----

thread 'audit::tests::truncated_log_is_detected_on_open' (2757452) panicked at crates/mem-authz/src/audit.rs:293:55:
read log: Os { code: 2, kind: NotFound, message: "No such file or directory" }

---- audit::tests::persists_resumes_and_continues_across_reopen stdout ----

thread 'audit::tests::persists_resumes_and_continues_across_reopen' (2757449) panicked at crates/mem-authz/src/audit.rs:268:13:
assertion `left == right` failed
  left: Ok(0)
 right: Ok(3)

---- audit::tests::crash_window_log_one_ahead_of_head_is_accepted_and_repaired stdout ----

thread 'audit::tests::crash_window_log_one_ahead_of_head_is_accepted_and_repaired' (2757446) panicked at crates/mem-authz/src/audit.rs:341:46:
snapshot head: Os { code: 2, kind: NotFound, message: "No such file or directory" }
note: run with `RUST_BACKTRACE=1` environment variable to display a backtrace

---- audit::tests::tampered_log_record_is_detected_on_open stdout ----

thread 'audit::tests::tampered_log_record_is_detected_on_open' (2757450) panicked at crates/mem-authz/src/audit.rs:312:55:
read log: Os { code: 2, kind: NotFound, message: "No such file or directory" }

---- audit::tests::missing_head_sidecar_is_detected_on_open stdout ----

thread 'audit::tests::missing_head_sidecar_is_detected_on_open' (2757448) panicked at crates/mem-authz/src/audit.rs:327:52:
remove head: Os { code: 2, kind: NotFound, message: "No such file or directory" }


failures:
    audit::tests::crash_window_log_one_ahead_of_head_is_accepted_and_repaired
    audit::tests::log_more_than_one_ahead_of_head_is_rejected
    audit::tests::missing_head_sidecar_is_detected_on_open
    audit::tests::persists_resumes_and_continues_across_reopen
    audit::tests::tampered_log_record_is_detected_on_open
    audit::tests::truncated_log_is_detected_on_open

test result: FAILED. 8 passed; 6 failed; 0 ignored; 0 measured; 0 filtered out; finished in 0.00s

error: test failed, to rerun pass `-p mem-authz --lib`

*** result: Failure(101)
