
*** crates/mem-authz/src/audit.rs:284:9: replace AuditChain::records -> &[AuditRecord] with Vec::leak(vec![Default::default()])

*** mutation diff:
--- crates/mem-authz/src/audit.rs
+++ replace AuditChain::records -> &[AuditRecord] with Vec::leak(vec![Default::default()])
@@ -276,17 +276,17 @@
         self.records.len()
     }
 
     pub fn is_empty(&self) -> bool {
         self.records.is_empty()
     }
 
     pub fn records(&self) -> &[AuditRecord] {
-        &self.records
+        Vec::leak(vec![Default::default()]) /* ~ changed by cargo-mutants ~ */
     }
 
     /// Re-walk the chain; returns the count or the sequence where linkage breaks.
     pub fn verify_integrity(&self) -> Result<u64, String> {
         let mut expected_prev = [0u8; 32];
         for (i, r) in self.records.iter().enumerate() {
             if r.sequence != i as u64 {
                 return Err(format!("sequence break at {}", r.sequence));


*** /Users/learnlikelarry/.rustup/toolchains/stable-aarch64-apple-darwin/bin/cargo test --no-run --verbose --package=mem-authz@0.0.1
       Fresh version_check v0.9.5
       Fresh typenum v1.20.1
       Fresh unicode-ident v1.0.24
       Fresh semver v1.0.28
       Fresh shlex v2.0.1
       Fresh cfg-if v1.0.4
       Fresh find-msvc-tools v0.1.9
       Fresh subtle v2.6.1
       Fresh rustc_version v0.4.1
       Fresh cc v1.2.63
       Fresh zeroize v1.8.2
       Fresh signature v2.2.0
       Fresh generic-array v0.14.7
       Fresh proc-macro2 v1.0.106
       Fresh libc v0.2.186
       Fresh serde_core v1.0.228
       Fresh zmij v1.0.21
       Fresh ed25519 v2.2.3
       Fresh memchr v2.8.1
       Fresh itoa v1.0.18
       Fresh quote v1.0.45
       Fresh block-buffer v0.10.4
       Fresh crypto-common v0.1.7
       Fresh cpufeatures v0.2.17
       Fresh arrayvec v0.7.6
       Fresh arrayref v0.3.9
       Fresh constant_time_eq v0.4.2
       Fresh serde_json v1.0.150
       Fresh hex v0.4.3
       Fresh syn v2.0.117
       Fresh digest v0.10.7
       Fresh blake3 v1.8.5
       Fresh serde_derive v1.0.228
       Fresh sha2 v0.10.9
       Fresh thiserror-impl v1.0.69
       Fresh curve25519-dalek v4.1.3
       Fresh ed25519-dalek v2.2.0
       Fresh serde v1.0.228
       Fresh thiserror v1.0.69
       Dirty mem-authz v0.0.1 (/private/var/folders/1s/3q3l6nws2g51h8l00lp0nm7h0000gn/T/cargo-mutants-citrate-memories-z1vdqe.tmp/crates/mem-authz): the file `crates/mem-authz/src/audit.rs` has changed (1781237606.329059594s, 1s after last build at 1781237605.594619945s)
   Compiling mem-authz v0.0.1 (/private/var/folders/1s/3q3l6nws2g51h8l00lp0nm7h0000gn/T/cargo-mutants-citrate-memories-z1vdqe.tmp/crates/mem-authz)
     Running `/Users/learnlikelarry/.rustup/toolchains/stable-aarch64-apple-darwin/bin/rustc --crate-name mem_authz --edition=2021 crates/mem-authz/src/lib.rs --error-format=json --json=diagnostic-rendered-ansi,artifacts,future-incompat --emit=dep-info,link -C embed-bitcode=no -C debuginfo=2 -C split-debuginfo=unpacked --test --check-cfg 'cfg(docsrs,test)' --check-cfg 'cfg(feature, values())' -C metadata=ec00f971c9897dca -C extra-filename=-7895e4adb5dd2228 --out-dir /private/var/folders/1s/3q3l6nws2g51h8l00lp0nm7h0000gn/T/cargo-mutants-citrate-memories-z1vdqe.tmp/target/debug/deps -C incremental=/private/var/folders/1s/3q3l6nws2g51h8l00lp0nm7h0000gn/T/cargo-mutants-citrate-memories-z1vdqe.tmp/target/debug/incremental -L dependency=/private/var/folders/1s/3q3l6nws2g51h8l00lp0nm7h0000gn/T/cargo-mutants-citrate-memories-z1vdqe.tmp/target/debug/deps --extern blake3=/private/var/folders/1s/3q3l6nws2g51h8l00lp0nm7h0000gn/T/cargo-mutants-citrate-memories-z1vdqe.tmp/target/debug/deps/libblake3-5e79647cef734f26.rlib --extern ed25519_dalek=/private/var/folders/1s/3q3l6nws2g51h8l00lp0nm7h0000gn/T/cargo-mutants-citrate-memories-z1vdqe.tmp/target/debug/deps/libed25519_dalek-c5c80f345522c3d2.rlib --extern hex=/private/var/folders/1s/3q3l6nws2g51h8l00lp0nm7h0000gn/T/cargo-mutants-citrate-memories-z1vdqe.tmp/target/debug/deps/libhex-ce021e0d3a439a1a.rlib --extern serde=/private/var/folders/1s/3q3l6nws2g51h8l00lp0nm7h0000gn/T/cargo-mutants-citrate-memories-z1vdqe.tmp/target/debug/deps/libserde-12fadd0e99e71f99.rlib --extern serde_json=/private/var/folders/1s/3q3l6nws2g51h8l00lp0nm7h0000gn/T/cargo-mutants-citrate-memories-z1vdqe.tmp/target/debug/deps/libserde_json-6e1f8c5a9adebcfb.rlib --extern thiserror=/private/var/folders/1s/3q3l6nws2g51h8l00lp0nm7h0000gn/T/cargo-mutants-citrate-memories-z1vdqe.tmp/target/debug/deps/libthiserror-f03c6e1b004b6523.rlib -L native=/private/var/folders/1s/3q3l6nws2g51h8l00lp0nm7h0000gn/T/cargo-mutants-citrate-memories-z1vdqe.tmp/target/debug/build/blake3-846e69b79921f296/out`
     Running `/Users/learnlikelarry/.rustup/toolchains/stable-aarch64-apple-darwin/bin/rustc --crate-name mem_authz --edition=2021 crates/mem-authz/src/lib.rs --error-format=json --json=diagnostic-rendered-ansi,artifacts,future-incompat --crate-type lib --emit=dep-info,metadata,link -C embed-bitcode=no -C debuginfo=2 -C split-debuginfo=unpacked --check-cfg 'cfg(docsrs,test)' --check-cfg 'cfg(feature, values())' -C metadata=f84cc755cba72046 -C extra-filename=-43cb7d104291aed7 --out-dir /private/var/folders/1s/3q3l6nws2g51h8l00lp0nm7h0000gn/T/cargo-mutants-citrate-memories-z1vdqe.tmp/target/debug/deps -C incremental=/private/var/folders/1s/3q3l6nws2g51h8l00lp0nm7h0000gn/T/cargo-mutants-citrate-memories-z1vdqe.tmp/target/debug/incremental -L dependency=/private/var/folders/1s/3q3l6nws2g51h8l00lp0nm7h0000gn/T/cargo-mutants-citrate-memories-z1vdqe.tmp/target/debug/deps --extern blake3=/private/var/folders/1s/3q3l6nws2g51h8l00lp0nm7h0000gn/T/cargo-mutants-citrate-memories-z1vdqe.tmp/target/debug/deps/libblake3-5e79647cef734f26.rmeta --extern ed25519_dalek=/private/var/folders/1s/3q3l6nws2g51h8l00lp0nm7h0000gn/T/cargo-mutants-citrate-memories-z1vdqe.tmp/target/debug/deps/libed25519_dalek-c5c80f345522c3d2.rmeta --extern hex=/private/var/folders/1s/3q3l6nws2g51h8l00lp0nm7h0000gn/T/cargo-mutants-citrate-memories-z1vdqe.tmp/target/debug/deps/libhex-ce021e0d3a439a1a.rmeta --extern serde=/private/var/folders/1s/3q3l6nws2g51h8l00lp0nm7h0000gn/T/cargo-mutants-citrate-memories-z1vdqe.tmp/target/debug/deps/libserde-12fadd0e99e71f99.rmeta --extern serde_json=/private/var/folders/1s/3q3l6nws2g51h8l00lp0nm7h0000gn/T/cargo-mutants-citrate-memories-z1vdqe.tmp/target/debug/deps/libserde_json-6e1f8c5a9adebcfb.rmeta --extern thiserror=/private/var/folders/1s/3q3l6nws2g51h8l00lp0nm7h0000gn/T/cargo-mutants-citrate-memories-z1vdqe.tmp/target/debug/deps/libthiserror-f03c6e1b004b6523.rmeta -L native=/private/var/folders/1s/3q3l6nws2g51h8l00lp0nm7h0000gn/T/cargo-mutants-citrate-memories-z1vdqe.tmp/target/debug/build/blake3-846e69b79921f296/out`
error[E0277]: the trait bound `AuditRecord: Default` is not satisfied
   --> crates/mem-authz/src/audit.rs:284:24
    |
284 |         Vec::leak(vec![Default::default()]) /* ~ changed by cargo-mutants ~ */
    |                        ^^^^^^^^^^^^^^^^^^ unsatisfied trait bound
    |
help: the trait `Default` is not implemented for `AuditRecord`
   --> crates/mem-authz/src/audit.rs:31:1
    |
 31 | pub struct AuditRecord {
    | ^^^^^^^^^^^^^^^^^^^^^^

For more information about this error, try `rustc --explain E0277`.
error: could not compile `mem-authz` (lib) due to 1 previous error

Caused by:
  process didn't exit successfully: `/Users/learnlikelarry/.rustup/toolchains/stable-aarch64-apple-darwin/bin/rustc --crate-name mem_authz --edition=2021 crates/mem-authz/src/lib.rs --error-format=json --json=diagnostic-rendered-ansi,artifacts,future-incompat --crate-type lib --emit=dep-info,metadata,link -C embed-bitcode=no -C debuginfo=2 -C split-debuginfo=unpacked --check-cfg 'cfg(docsrs,test)' --check-cfg 'cfg(feature, values())' -C metadata=f84cc755cba72046 -C extra-filename=-43cb7d104291aed7 --out-dir /private/var/folders/1s/3q3l6nws2g51h8l00lp0nm7h0000gn/T/cargo-mutants-citrate-memories-z1vdqe.tmp/target/debug/deps -C incremental=/private/var/folders/1s/3q3l6nws2g51h8l00lp0nm7h0000gn/T/cargo-mutants-citrate-memories-z1vdqe.tmp/target/debug/incremental -L dependency=/private/var/folders/1s/3q3l6nws2g51h8l00lp0nm7h0000gn/T/cargo-mutants-citrate-memories-z1vdqe.tmp/target/debug/deps --extern blake3=/private/var/folders/1s/3q3l6nws2g51h8l00lp0nm7h0000gn/T/cargo-mutants-citrate-memories-z1vdqe.tmp/target/debug/deps/libblake3-5e79647cef734f26.rmeta --extern ed25519_dalek=/private/var/folders/1s/3q3l6nws2g51h8l00lp0nm7h0000gn/T/cargo-mutants-citrate-memories-z1vdqe.tmp/target/debug/deps/libed25519_dalek-c5c80f345522c3d2.rmeta --extern hex=/private/var/folders/1s/3q3l6nws2g51h8l00lp0nm7h0000gn/T/cargo-mutants-citrate-memories-z1vdqe.tmp/target/debug/deps/libhex-ce021e0d3a439a1a.rmeta --extern serde=/private/var/folders/1s/3q3l6nws2g51h8l00lp0nm7h0000gn/T/cargo-mutants-citrate-memories-z1vdqe.tmp/target/debug/deps/libserde-12fadd0e99e71f99.rmeta --extern serde_json=/private/var/folders/1s/3q3l6nws2g51h8l00lp0nm7h0000gn/T/cargo-mutants-citrate-memories-z1vdqe.tmp/target/debug/deps/libserde_json-6e1f8c5a9adebcfb.rmeta --extern thiserror=/private/var/folders/1s/3q3l6nws2g51h8l00lp0nm7h0000gn/T/cargo-mutants-citrate-memories-z1vdqe.tmp/target/debug/deps/libthiserror-f03c6e1b004b6523.rmeta -L native=/private/var/folders/1s/3q3l6nws2g51h8l00lp0nm7h0000gn/T/cargo-mutants-citrate-memories-z1vdqe.tmp/target/debug/build/blake3-846e69b79921f296/out` (exit status: 1)
warning: build failed, waiting for other jobs to finish...
error: could not compile `mem-authz` (lib test) due to 1 previous error

Caused by:
  process didn't exit successfully: `/Users/learnlikelarry/.rustup/toolchains/stable-aarch64-apple-darwin/bin/rustc --crate-name mem_authz --edition=2021 crates/mem-authz/src/lib.rs --error-format=json --json=diagnostic-rendered-ansi,artifacts,future-incompat --emit=dep-info,link -C embed-bitcode=no -C debuginfo=2 -C split-debuginfo=unpacked --test --check-cfg 'cfg(docsrs,test)' --check-cfg 'cfg(feature, values())' -C metadata=ec00f971c9897dca -C extra-filename=-7895e4adb5dd2228 --out-dir /private/var/folders/1s/3q3l6nws2g51h8l00lp0nm7h0000gn/T/cargo-mutants-citrate-memories-z1vdqe.tmp/target/debug/deps -C incremental=/private/var/folders/1s/3q3l6nws2g51h8l00lp0nm7h0000gn/T/cargo-mutants-citrate-memories-z1vdqe.tmp/target/debug/incremental -L dependency=/private/var/folders/1s/3q3l6nws2g51h8l00lp0nm7h0000gn/T/cargo-mutants-citrate-memories-z1vdqe.tmp/target/debug/deps --extern blake3=/private/var/folders/1s/3q3l6nws2g51h8l00lp0nm7h0000gn/T/cargo-mutants-citrate-memories-z1vdqe.tmp/target/debug/deps/libblake3-5e79647cef734f26.rlib --extern ed25519_dalek=/private/var/folders/1s/3q3l6nws2g51h8l00lp0nm7h0000gn/T/cargo-mutants-citrate-memories-z1vdqe.tmp/target/debug/deps/libed25519_dalek-c5c80f345522c3d2.rlib --extern hex=/private/var/folders/1s/3q3l6nws2g51h8l00lp0nm7h0000gn/T/cargo-mutants-citrate-memories-z1vdqe.tmp/target/debug/deps/libhex-ce021e0d3a439a1a.rlib --extern serde=/private/var/folders/1s/3q3l6nws2g51h8l00lp0nm7h0000gn/T/cargo-mutants-citrate-memories-z1vdqe.tmp/target/debug/deps/libserde-12fadd0e99e71f99.rlib --extern serde_json=/private/var/folders/1s/3q3l6nws2g51h8l00lp0nm7h0000gn/T/cargo-mutants-citrate-memories-z1vdqe.tmp/target/debug/deps/libserde_json-6e1f8c5a9adebcfb.rlib --extern thiserror=/private/var/folders/1s/3q3l6nws2g51h8l00lp0nm7h0000gn/T/cargo-mutants-citrate-memories-z1vdqe.tmp/target/debug/deps/libthiserror-f03c6e1b004b6523.rlib -L native=/private/var/folders/1s/3q3l6nws2g51h8l00lp0nm7h0000gn/T/cargo-mutants-citrate-memories-z1vdqe.tmp/target/debug/build/blake3-846e69b79921f296/out` (exit status: 1)

*** result: Failure(101)
