
*** crates/mem-authz/src/audit.rs:237:9: replace AuditChain::log_path -> Option<&Path> with Some(Box::leak(Box::new(Default::default())))

*** mutation diff:
--- crates/mem-authz/src/audit.rs
+++ replace AuditChain::log_path -> Option<&Path> with Some(Box::leak(Box::new(Default::default())))
@@ -229,17 +229,17 @@
             last_hash,
             next_seq: log_len,
             sink: Some(FileSink { log, log_path, head_path }),
         })
     }
 
     /// Path of the backing log, when persistent.
     pub fn log_path(&self) -> Option<&Path> {
-        self.sink.as_ref().map(|s| s.log_path.as_path())
+        Some(Box::leak(Box::new(Default::default()))) /* ~ changed by cargo-mutants ~ */
     }
 
     /// Append a record. For a persistent chain the record is durably written
     /// (log line fsync'd, head replaced) BEFORE it becomes visible in memory;
     /// on error the in-memory chain is unchanged, so callers can fail closed.
     pub fn append(
         &mut self,
         event: MemoryEvent,


*** /Users/learnlikelarry/.rustup/toolchains/stable-aarch64-apple-darwin/bin/cargo test --no-run --verbose --package=mem-authz@0.0.1
       Fresh version_check v0.9.5
       Fresh unicode-ident v1.0.24
       Fresh typenum v1.20.1
       Fresh semver v1.0.28
       Fresh cfg-if v1.0.4
       Fresh find-msvc-tools v0.1.9
       Fresh shlex v2.0.1
       Fresh zeroize v1.8.2
       Fresh rustc_version v0.4.1
       Fresh cc v1.2.63
       Fresh subtle v2.6.1
       Fresh signature v2.2.0
       Fresh generic-array v0.14.7
       Fresh proc-macro2 v1.0.106
       Fresh libc v0.2.186
       Fresh serde_core v1.0.228
       Fresh zmij v1.0.21
       Fresh ed25519 v2.2.3
       Fresh constant_time_eq v0.4.2
       Fresh arrayref v0.3.9
       Fresh quote v1.0.45
       Fresh block-buffer v0.10.4
       Fresh crypto-common v0.1.7
       Fresh cpufeatures v0.2.17
       Fresh itoa v1.0.18
       Fresh memchr v2.8.1
       Fresh arrayvec v0.7.6
       Fresh hex v0.4.3
       Fresh syn v2.0.117
       Fresh digest v0.10.7
       Fresh serde_json v1.0.150
       Fresh blake3 v1.8.5
       Fresh sha2 v0.10.9
       Fresh serde_derive v1.0.228
       Fresh curve25519-dalek v4.1.3
       Fresh thiserror-impl v1.0.69
       Fresh thiserror v1.0.69
       Fresh ed25519-dalek v2.2.0
       Fresh serde v1.0.228
       Dirty mem-authz v0.0.1 (/private/var/folders/1s/3q3l6nws2g51h8l00lp0nm7h0000gn/T/cargo-mutants-citrate-memories-z1vdqe.tmp/crates/mem-authz): the file `crates/mem-authz/src/audit.rs` has changed (1781237602.374251037s, 1s after last build at 1781237601.830554391s)
   Compiling mem-authz v0.0.1 (/private/var/folders/1s/3q3l6nws2g51h8l00lp0nm7h0000gn/T/cargo-mutants-citrate-memories-z1vdqe.tmp/crates/mem-authz)
     Running `/Users/learnlikelarry/.rustup/toolchains/stable-aarch64-apple-darwin/bin/rustc --crate-name mem_authz --edition=2021 crates/mem-authz/src/lib.rs --error-format=json --json=diagnostic-rendered-ansi,artifacts,future-incompat --emit=dep-info,link -C embed-bitcode=no -C debuginfo=2 -C split-debuginfo=unpacked --test --check-cfg 'cfg(docsrs,test)' --check-cfg 'cfg(feature, values())' -C metadata=ec00f971c9897dca -C extra-filename=-7895e4adb5dd2228 --out-dir /private/var/folders/1s/3q3l6nws2g51h8l00lp0nm7h0000gn/T/cargo-mutants-citrate-memories-z1vdqe.tmp/target/debug/deps -C incremental=/private/var/folders/1s/3q3l6nws2g51h8l00lp0nm7h0000gn/T/cargo-mutants-citrate-memories-z1vdqe.tmp/target/debug/incremental -L dependency=/private/var/folders/1s/3q3l6nws2g51h8l00lp0nm7h0000gn/T/cargo-mutants-citrate-memories-z1vdqe.tmp/target/debug/deps --extern blake3=/private/var/folders/1s/3q3l6nws2g51h8l00lp0nm7h0000gn/T/cargo-mutants-citrate-memories-z1vdqe.tmp/target/debug/deps/libblake3-5e79647cef734f26.rlib --extern ed25519_dalek=/private/var/folders/1s/3q3l6nws2g51h8l00lp0nm7h0000gn/T/cargo-mutants-citrate-memories-z1vdqe.tmp/target/debug/deps/libed25519_dalek-c5c80f345522c3d2.rlib --extern hex=/private/var/folders/1s/3q3l6nws2g51h8l00lp0nm7h0000gn/T/cargo-mutants-citrate-memories-z1vdqe.tmp/target/debug/deps/libhex-ce021e0d3a439a1a.rlib --extern serde=/private/var/folders/1s/3q3l6nws2g51h8l00lp0nm7h0000gn/T/cargo-mutants-citrate-memories-z1vdqe.tmp/target/debug/deps/libserde-12fadd0e99e71f99.rlib --extern serde_json=/private/var/folders/1s/3q3l6nws2g51h8l00lp0nm7h0000gn/T/cargo-mutants-citrate-memories-z1vdqe.tmp/target/debug/deps/libserde_json-6e1f8c5a9adebcfb.rlib --extern thiserror=/private/var/folders/1s/3q3l6nws2g51h8l00lp0nm7h0000gn/T/cargo-mutants-citrate-memories-z1vdqe.tmp/target/debug/deps/libthiserror-f03c6e1b004b6523.rlib -L native=/private/var/folders/1s/3q3l6nws2g51h8l00lp0nm7h0000gn/T/cargo-mutants-citrate-memories-z1vdqe.tmp/target/debug/build/blake3-846e69b79921f296/out`
     Running `/Users/learnlikelarry/.rustup/toolchains/stable-aarch64-apple-darwin/bin/rustc --crate-name mem_authz --edition=2021 crates/mem-authz/src/lib.rs --error-format=json --json=diagnostic-rendered-ansi,artifacts,future-incompat --crate-type lib --emit=dep-info,metadata,link -C embed-bitcode=no -C debuginfo=2 -C split-debuginfo=unpacked --check-cfg 'cfg(docsrs,test)' --check-cfg 'cfg(feature, values())' -C metadata=f84cc755cba72046 -C extra-filename=-43cb7d104291aed7 --out-dir /private/var/folders/1s/3q3l6nws2g51h8l00lp0nm7h0000gn/T/cargo-mutants-citrate-memories-z1vdqe.tmp/target/debug/deps -C incremental=/private/var/folders/1s/3q3l6nws2g51h8l00lp0nm7h0000gn/T/cargo-mutants-citrate-memories-z1vdqe.tmp/target/debug/incremental -L dependency=/private/var/folders/1s/3q3l6nws2g51h8l00lp0nm7h0000gn/T/cargo-mutants-citrate-memories-z1vdqe.tmp/target/debug/deps --extern blake3=/private/var/folders/1s/3q3l6nws2g51h8l00lp0nm7h0000gn/T/cargo-mutants-citrate-memories-z1vdqe.tmp/target/debug/deps/libblake3-5e79647cef734f26.rmeta --extern ed25519_dalek=/private/var/folders/1s/3q3l6nws2g51h8l00lp0nm7h0000gn/T/cargo-mutants-citrate-memories-z1vdqe.tmp/target/debug/deps/libed25519_dalek-c5c80f345522c3d2.rmeta --extern hex=/private/var/folders/1s/3q3l6nws2g51h8l00lp0nm7h0000gn/T/cargo-mutants-citrate-memories-z1vdqe.tmp/target/debug/deps/libhex-ce021e0d3a439a1a.rmeta --extern serde=/private/var/folders/1s/3q3l6nws2g51h8l00lp0nm7h0000gn/T/cargo-mutants-citrate-memories-z1vdqe.tmp/target/debug/deps/libserde-12fadd0e99e71f99.rmeta --extern serde_json=/private/var/folders/1s/3q3l6nws2g51h8l00lp0nm7h0000gn/T/cargo-mutants-citrate-memories-z1vdqe.tmp/target/debug/deps/libserde_json-6e1f8c5a9adebcfb.rmeta --extern thiserror=/private/var/folders/1s/3q3l6nws2g51h8l00lp0nm7h0000gn/T/cargo-mutants-citrate-memories-z1vdqe.tmp/target/debug/deps/libthiserror-f03c6e1b004b6523.rmeta -L native=/private/var/folders/1s/3q3l6nws2g51h8l00lp0nm7h0000gn/T/cargo-mutants-citrate-memories-z1vdqe.tmp/target/debug/build/blake3-846e69b79921f296/out`
error[E0277]: the trait bound `Path: Default` is not satisfied
   --> crates/mem-authz/src/audit.rs:237:33
    |
237 |         Some(Box::leak(Box::new(Default::default()))) /* ~ changed by cargo-mutants ~ */
    |                                 ^^^^^^^^^^^^^^^^^^ the trait `Default` is not implemented for `Path`

error[E0277]: the size for values of type `[u8]` cannot be known at compilation time
   --> crates/mem-authz/src/audit.rs:237:33
    |
237 |         Some(Box::leak(Box::new(Default::default()))) /* ~ changed by cargo-mutants ~ */
    |                        -------- ^^^^^^^^^^^^^^^^^^ doesn't have a size known at compile-time
    |                        |
    |                        required by a bound introduced by this call
    |
    = help: within `Path`, the trait `Sized` is not implemented for `[u8]`
note: required because it appears within the type `Path`
   --> /rustc/ac68faa20c58cbccd01ee7208bf3b6e93a7d7f96/library/std/src/path.rs:2338:11
note: required by a bound in `Box::<T>::new`
   --> /rustc/ac68faa20c58cbccd01ee7208bf3b6e93a7d7f96/library/alloc/src/boxed.rs:284:4

For more information about this error, try `rustc --explain E0277`.
error: could not compile `mem-authz` (lib) due to 2 previous errors

Caused by:
  process didn't exit successfully: `/Users/learnlikelarry/.rustup/toolchains/stable-aarch64-apple-darwin/bin/rustc --crate-name mem_authz --edition=2021 crates/mem-authz/src/lib.rs --error-format=json --json=diagnostic-rendered-ansi,artifacts,future-incompat --crate-type lib --emit=dep-info,metadata,link -C embed-bitcode=no -C debuginfo=2 -C split-debuginfo=unpacked --check-cfg 'cfg(docsrs,test)' --check-cfg 'cfg(feature, values())' -C metadata=f84cc755cba72046 -C extra-filename=-43cb7d104291aed7 --out-dir /private/var/folders/1s/3q3l6nws2g51h8l00lp0nm7h0000gn/T/cargo-mutants-citrate-memories-z1vdqe.tmp/target/debug/deps -C incremental=/private/var/folders/1s/3q3l6nws2g51h8l00lp0nm7h0000gn/T/cargo-mutants-citrate-memories-z1vdqe.tmp/target/debug/incremental -L dependency=/private/var/folders/1s/3q3l6nws2g51h8l00lp0nm7h0000gn/T/cargo-mutants-citrate-memories-z1vdqe.tmp/target/debug/deps --extern blake3=/private/var/folders/1s/3q3l6nws2g51h8l00lp0nm7h0000gn/T/cargo-mutants-citrate-memories-z1vdqe.tmp/target/debug/deps/libblake3-5e79647cef734f26.rmeta --extern ed25519_dalek=/private/var/folders/1s/3q3l6nws2g51h8l00lp0nm7h0000gn/T/cargo-mutants-citrate-memories-z1vdqe.tmp/target/debug/deps/libed25519_dalek-c5c80f345522c3d2.rmeta --extern hex=/private/var/folders/1s/3q3l6nws2g51h8l00lp0nm7h0000gn/T/cargo-mutants-citrate-memories-z1vdqe.tmp/target/debug/deps/libhex-ce021e0d3a439a1a.rmeta --extern serde=/private/var/folders/1s/3q3l6nws2g51h8l00lp0nm7h0000gn/T/cargo-mutants-citrate-memories-z1vdqe.tmp/target/debug/deps/libserde-12fadd0e99e71f99.rmeta --extern serde_json=/private/var/folders/1s/3q3l6nws2g51h8l00lp0nm7h0000gn/T/cargo-mutants-citrate-memories-z1vdqe.tmp/target/debug/deps/libserde_json-6e1f8c5a9adebcfb.rmeta --extern thiserror=/private/var/folders/1s/3q3l6nws2g51h8l00lp0nm7h0000gn/T/cargo-mutants-citrate-memories-z1vdqe.tmp/target/debug/deps/libthiserror-f03c6e1b004b6523.rmeta -L native=/private/var/folders/1s/3q3l6nws2g51h8l00lp0nm7h0000gn/T/cargo-mutants-citrate-memories-z1vdqe.tmp/target/debug/build/blake3-846e69b79921f296/out` (exit status: 1)
warning: build failed, waiting for other jobs to finish...
error[E0277]: the trait bound `std::path::Path: Default` is not satisfied
   --> crates/mem-authz/src/audit.rs:237:33
    |
237 |         Some(Box::leak(Box::new(Default::default()))) /* ~ changed by cargo-mutants ~ */
    |                                 ^^^^^^^^^^^^^^^^^^ the trait `Default` is not implemented for `std::path::Path`

error[E0277]: the size for values of type `[u8]` cannot be known at compilation time
   --> crates/mem-authz/src/audit.rs:237:33
    |
237 |         Some(Box::leak(Box::new(Default::default()))) /* ~ changed by cargo-mutants ~ */
    |                        -------- ^^^^^^^^^^^^^^^^^^ doesn't have a size known at compile-time
    |                        |
    |                        required by a bound introduced by this call
    |
    = help: within `std::path::Path`, the trait `Sized` is not implemented for `[u8]`
note: required because it appears within the type `std::path::Path`
   --> /rustc/ac68faa20c58cbccd01ee7208bf3b6e93a7d7f96/library/std/src/path.rs:2338:11
note: required by a bound in `Box::<T>::new`
   --> /rustc/ac68faa20c58cbccd01ee7208bf3b6e93a7d7f96/library/alloc/src/boxed.rs:284:4

error: could not compile `mem-authz` (lib test) due to 2 previous errors

Caused by:
  process didn't exit successfully: `/Users/learnlikelarry/.rustup/toolchains/stable-aarch64-apple-darwin/bin/rustc --crate-name mem_authz --edition=2021 crates/mem-authz/src/lib.rs --error-format=json --json=diagnostic-rendered-ansi,artifacts,future-incompat --emit=dep-info,link -C embed-bitcode=no -C debuginfo=2 -C split-debuginfo=unpacked --test --check-cfg 'cfg(docsrs,test)' --check-cfg 'cfg(feature, values())' -C metadata=ec00f971c9897dca -C extra-filename=-7895e4adb5dd2228 --out-dir /private/var/folders/1s/3q3l6nws2g51h8l00lp0nm7h0000gn/T/cargo-mutants-citrate-memories-z1vdqe.tmp/target/debug/deps -C incremental=/private/var/folders/1s/3q3l6nws2g51h8l00lp0nm7h0000gn/T/cargo-mutants-citrate-memories-z1vdqe.tmp/target/debug/incremental -L dependency=/private/var/folders/1s/3q3l6nws2g51h8l00lp0nm7h0000gn/T/cargo-mutants-citrate-memories-z1vdqe.tmp/target/debug/deps --extern blake3=/private/var/folders/1s/3q3l6nws2g51h8l00lp0nm7h0000gn/T/cargo-mutants-citrate-memories-z1vdqe.tmp/target/debug/deps/libblake3-5e79647cef734f26.rlib --extern ed25519_dalek=/private/var/folders/1s/3q3l6nws2g51h8l00lp0nm7h0000gn/T/cargo-mutants-citrate-memories-z1vdqe.tmp/target/debug/deps/libed25519_dalek-c5c80f345522c3d2.rlib --extern hex=/private/var/folders/1s/3q3l6nws2g51h8l00lp0nm7h0000gn/T/cargo-mutants-citrate-memories-z1vdqe.tmp/target/debug/deps/libhex-ce021e0d3a439a1a.rlib --extern serde=/private/var/folders/1s/3q3l6nws2g51h8l00lp0nm7h0000gn/T/cargo-mutants-citrate-memories-z1vdqe.tmp/target/debug/deps/libserde-12fadd0e99e71f99.rlib --extern serde_json=/private/var/folders/1s/3q3l6nws2g51h8l00lp0nm7h0000gn/T/cargo-mutants-citrate-memories-z1vdqe.tmp/target/debug/deps/libserde_json-6e1f8c5a9adebcfb.rlib --extern thiserror=/private/var/folders/1s/3q3l6nws2g51h8l00lp0nm7h0000gn/T/cargo-mutants-citrate-memories-z1vdqe.tmp/target/debug/deps/libthiserror-f03c6e1b004b6523.rlib -L native=/private/var/folders/1s/3q3l6nws2g51h8l00lp0nm7h0000gn/T/cargo-mutants-citrate-memories-z1vdqe.tmp/target/debug/build/blake3-846e69b79921f296/out` (exit status: 1)

*** result: Failure(101)
