
*** crates/mem-authz/src/audit.rs:99:5: replace write_head -> Result<(), AuditError> with Ok(())

*** mutation diff:
--- crates/mem-authz/src/audit.rs
+++ replace write_head -> Result<(), AuditError> with Ok(())
@@ -91,28 +91,17 @@
 fn head_path_for(log_path: &Path) -> PathBuf {
     let mut s = log_path.as_os_str().to_os_string();
     s.push(".head");
     PathBuf::from(s)
 }
 
 /// Atomically replace the head sidecar (write temp, fsync, rename).
 fn write_head(head_path: &Path, len: u64, last_hash: &[u8; 32]) -> Result<(), AuditError> {
-    let tmp = {
-        let mut s = head_path.as_os_str().to_os_string();
-        s.push(".tmp");
-        PathBuf::from(s)
-    };
-    let payload = serde_json::to_vec(&Head { len, last_hash: hex::encode(last_hash) })
-        .map_err(|e| AuditError::Corrupt(format!("head serialize: {e}")))?;
-    let mut f = File::create(&tmp)?;
-    f.write_all(&payload)?;
-    f.sync_all()?;
-    std::fs::rename(&tmp, head_path)?;
-    Ok(())
+    Ok(()) /* ~ changed by cargo-mutants ~ */
 }
 
 #[derive(Default)]
 pub struct AuditChain {
     records: Vec<AuditRecord>,
     last_hash: [u8; 32],
     next_seq: u64,
     /// `None` → in-memory only (tests/ephemeral); `Some` → write-through.


*** /Users/learnlikelarry/.rustup/toolchains/stable-aarch64-apple-darwin/bin/cargo test --no-run --verbose --package=mem-authz@0.0.1
       Fresh version_check v0.9.5
       Fresh typenum v1.20.1
       Fresh unicode-ident v1.0.24
       Fresh semver v1.0.28
       Fresh cfg-if v1.0.4
       Fresh find-msvc-tools v0.1.9
       Fresh shlex v2.0.1
       Fresh rustc_version v0.4.1
       Fresh cc v1.2.63
       Fresh signature v2.2.0
       Fresh subtle v2.6.1
       Fresh zeroize v1.8.2
       Fresh proc-macro2 v1.0.106
       Fresh generic-array v0.14.7
       Fresh libc v0.2.186
       Fresh serde_core v1.0.228
       Fresh ed25519 v2.2.3
       Fresh zmij v1.0.21
       Fresh arrayref v0.3.9
       Fresh itoa v1.0.18
       Fresh quote v1.0.45
       Fresh crypto-common v0.1.7
       Fresh block-buffer v0.10.4
       Fresh cpufeatures v0.2.17
       Fresh memchr v2.8.1
       Fresh constant_time_eq v0.4.2
       Fresh arrayvec v0.7.6
       Fresh hex v0.4.3
       Fresh syn v2.0.117
       Fresh digest v0.10.7
       Fresh serde_json v1.0.150
       Fresh blake3 v1.8.5
       Fresh thiserror-impl v1.0.69
       Fresh curve25519-dalek v4.1.3
       Fresh serde_derive v1.0.228
       Fresh sha2 v0.10.9
       Fresh serde v1.0.228
       Fresh ed25519-dalek v2.2.0
       Fresh thiserror v1.0.69
       Dirty mem-authz v0.0.1 (/private/var/folders/1s/3q3l6nws2g51h8l00lp0nm7h0000gn/T/cargo-mutants-citrate-memories-z1vdqe.tmp/crates/mem-authz): couldn't read metadata for file `target/debug/deps/libmem_authz-43cb7d104291aed7.rlib`
   Compiling mem-authz v0.0.1 (/private/var/folders/1s/3q3l6nws2g51h8l00lp0nm7h0000gn/T/cargo-mutants-citrate-memories-z1vdqe.tmp/crates/mem-authz)
     Running `/Users/learnlikelarry/.rustup/toolchains/stable-aarch64-apple-darwin/bin/rustc --crate-name mem_authz --edition=2021 crates/mem-authz/src/lib.rs --error-format=json --json=diagnostic-rendered-ansi,artifacts,future-incompat --crate-type lib --emit=dep-info,metadata,link -C embed-bitcode=no -C debuginfo=2 -C split-debuginfo=unpacked --check-cfg 'cfg(docsrs,test)' --check-cfg 'cfg(feature, values())' -C metadata=f84cc755cba72046 -C extra-filename=-43cb7d104291aed7 --out-dir /private/var/folders/1s/3q3l6nws2g51h8l00lp0nm7h0000gn/T/cargo-mutants-citrate-memories-z1vdqe.tmp/target/debug/deps -C incremental=/private/var/folders/1s/3q3l6nws2g51h8l00lp0nm7h0000gn/T/cargo-mutants-citrate-memories-z1vdqe.tmp/target/debug/incremental -L dependency=/private/var/folders/1s/3q3l6nws2g51h8l00lp0nm7h0000gn/T/cargo-mutants-citrate-memories-z1vdqe.tmp/target/debug/deps --extern blake3=/private/var/folders/1s/3q3l6nws2g51h8l00lp0nm7h0000gn/T/cargo-mutants-citrate-memories-z1vdqe.tmp/target/debug/deps/libblake3-5e79647cef734f26.rmeta --extern ed25519_dalek=/private/var/folders/1s/3q3l6nws2g51h8l00lp0nm7h0000gn/T/cargo-mutants-citrate-memories-z1vdqe.tmp/target/debug/deps/libed25519_dalek-c5c80f345522c3d2.rmeta --extern hex=/private/var/folders/1s/3q3l6nws2g51h8l00lp0nm7h0000gn/T/cargo-mutants-citrate-memories-z1vdqe.tmp/target/debug/deps/libhex-ce021e0d3a439a1a.rmeta --extern serde=/private/var/folders/1s/3q3l6nws2g51h8l00lp0nm7h0000gn/T/cargo-mutants-citrate-memories-z1vdqe.tmp/target/debug/deps/libserde-12fadd0e99e71f99.rmeta --extern serde_json=/private/var/folders/1s/3q3l6nws2g51h8l00lp0nm7h0000gn/T/cargo-mutants-citrate-memories-z1vdqe.tmp/target/debug/deps/libserde_json-6e1f8c5a9adebcfb.rmeta --extern thiserror=/private/var/folders/1s/3q3l6nws2g51h8l00lp0nm7h0000gn/T/cargo-mutants-citrate-memories-z1vdqe.tmp/target/debug/deps/libthiserror-f03c6e1b004b6523.rmeta -L native=/private/var/folders/1s/3q3l6nws2g51h8l00lp0nm7h0000gn/T/cargo-mutants-citrate-memories-z1vdqe.tmp/target/debug/build/blake3-846e69b79921f296/out`
     Running `/Users/learnlikelarry/.rustup/toolchains/stable-aarch64-apple-darwin/bin/rustc --crate-name mem_authz --edition=2021 crates/mem-authz/src/lib.rs --error-format=json --json=diagnostic-rendered-ansi,artifacts,future-incompat --emit=dep-info,link -C embed-bitcode=no -C debuginfo=2 -C split-debuginfo=unpacked --test --check-cfg 'cfg(docsrs,test)' --check-cfg 'cfg(feature, values())' -C metadata=ec00f971c9897dca -C extra-filename=-7895e4adb5dd2228 --out-dir /private/var/folders/1s/3q3l6nws2g51h8l00lp0nm7h0000gn/T/cargo-mutants-citrate-memories-z1vdqe.tmp/target/debug/deps -C incremental=/private/var/folders/1s/3q3l6nws2g51h8l00lp0nm7h0000gn/T/cargo-mutants-citrate-memories-z1vdqe.tmp/target/debug/incremental -L dependency=/private/var/folders/1s/3q3l6nws2g51h8l00lp0nm7h0000gn/T/cargo-mutants-citrate-memories-z1vdqe.tmp/target/debug/deps --extern blake3=/private/var/folders/1s/3q3l6nws2g51h8l00lp0nm7h0000gn/T/cargo-mutants-citrate-memories-z1vdqe.tmp/target/debug/deps/libblake3-5e79647cef734f26.rlib --extern ed25519_dalek=/private/var/folders/1s/3q3l6nws2g51h8l00lp0nm7h0000gn/T/cargo-mutants-citrate-memories-z1vdqe.tmp/target/debug/deps/libed25519_dalek-c5c80f345522c3d2.rlib --extern hex=/private/var/folders/1s/3q3l6nws2g51h8l00lp0nm7h0000gn/T/cargo-mutants-citrate-memories-z1vdqe.tmp/target/debug/deps/libhex-ce021e0d3a439a1a.rlib --extern serde=/private/var/folders/1s/3q3l6nws2g51h8l00lp0nm7h0000gn/T/cargo-mutants-citrate-memories-z1vdqe.tmp/target/debug/deps/libserde-12fadd0e99e71f99.rlib --extern serde_json=/private/var/folders/1s/3q3l6nws2g51h8l00lp0nm7h0000gn/T/cargo-mutants-citrate-memories-z1vdqe.tmp/target/debug/deps/libserde_json-6e1f8c5a9adebcfb.rlib --extern thiserror=/private/var/folders/1s/3q3l6nws2g51h8l00lp0nm7h0000gn/T/cargo-mutants-citrate-memories-z1vdqe.tmp/target/debug/deps/libthiserror-f03c6e1b004b6523.rlib -L native=/private/var/folders/1s/3q3l6nws2g51h8l00lp0nm7h0000gn/T/cargo-mutants-citrate-memories-z1vdqe.tmp/target/debug/build/blake3-846e69b79921f296/out`
warning: unused variable: `head_path`
  --> crates/mem-authz/src/audit.rs:98:15
   |
98 | fn write_head(head_path: &Path, len: u64, last_hash: &[u8; 32]) -> Result<(), AuditError> {
   |               ^^^^^^^^^ help: if this is intentional, prefix it with an underscore: `_head_path`
   |
   = note: `#[warn(unused_variables)]` (part of `#[warn(unused)]`) on by default

warning: unused variable: `len`
  --> crates/mem-authz/src/audit.rs:98:33
   |
98 | fn write_head(head_path: &Path, len: u64, last_hash: &[u8; 32]) -> Result<(), AuditError> {
   |                                 ^^^ help: if this is intentional, prefix it with an underscore: `_len`

warning: unused variable: `last_hash`
  --> crates/mem-authz/src/audit.rs:98:43
   |
98 | fn write_head(head_path: &Path, len: u64, last_hash: &[u8; 32]) -> Result<(), AuditError> {
   |                                           ^^^^^^^^^ help: if this is intentional, prefix it with an underscore: `_last_hash`

warning: `mem-authz` (lib) generated 3 warnings (run `cargo fix --lib -p mem-authz` to apply 3 suggestions)
warning: `mem-authz` (lib test) generated 3 warnings (3 duplicates)
    Finished `test` profile [unoptimized + debuginfo] target(s) in 0.36s
  Executable `/private/var/folders/1s/3q3l6nws2g51h8l00lp0nm7h0000gn/T/cargo-mutants-citrate-memories-z1vdqe.tmp/target/debug/deps/mem_authz-7895e4adb5dd2228`

*** result: Success

*** /Users/learnlikelarry/.rustup/toolchains/stable-aarch64-apple-darwin/bin/cargo test --verbose --package=mem-authz@0.0.1
       Fresh version_check v0.9.5
       Fresh unicode-ident v1.0.24
       Fresh typenum v1.20.1
       Fresh semver v1.0.28
       Fresh cfg-if v1.0.4
       Fresh shlex v2.0.1
       Fresh find-msvc-tools v0.1.9
       Fresh signature v2.2.0
       Fresh rustc_version v0.4.1
       Fresh cc v1.2.63
       Fresh subtle v2.6.1
       Fresh zeroize v1.8.2
       Fresh proc-macro2 v1.0.106
       Fresh generic-array v0.14.7
       Fresh libc v0.2.186
       Fresh serde_core v1.0.228
       Fresh zmij v1.0.21
       Fresh ed25519 v2.2.3
       Fresh arrayref v0.3.9
       Fresh arrayvec v0.7.6
       Fresh quote v1.0.45
       Fresh block-buffer v0.10.4
       Fresh crypto-common v0.1.7
       Fresh cpufeatures v0.2.17
       Fresh memchr v2.8.1
       Fresh itoa v1.0.18
       Fresh constant_time_eq v0.4.2
       Fresh hex v0.4.3
       Fresh syn v2.0.117
       Fresh digest v0.10.7
       Fresh serde_json v1.0.150
       Fresh blake3 v1.8.5
       Fresh thiserror-impl v1.0.69
       Fresh sha2 v0.10.9
       Fresh curve25519-dalek v4.1.3
       Fresh serde_derive v1.0.228
       Fresh thiserror v1.0.69
       Fresh serde v1.0.228
       Fresh ed25519-dalek v2.2.0
warning: unused variable: `head_path`
  --> crates/mem-authz/src/audit.rs:98:15
   |
98 | fn write_head(head_path: &Path, len: u64, last_hash: &[u8; 32]) -> Result<(), AuditError> {
   |               ^^^^^^^^^ help: if this is intentional, prefix it with an underscore: `_head_path`
   |
   = note: `#[warn(unused_variables)]` (part of `#[warn(unused)]`) on by default

warning: unused variable: `len`
  --> crates/mem-authz/src/audit.rs:98:33
   |
98 | fn write_head(head_path: &Path, len: u64, last_hash: &[u8; 32]) -> Result<(), AuditError> {
   |                                 ^^^ help: if this is intentional, prefix it with an underscore: `_len`

warning: unused variable: `last_hash`
  --> crates/mem-authz/src/audit.rs:98:43
   |
98 | fn write_head(head_path: &Path, len: u64, last_hash: &[u8; 32]) -> Result<(), AuditError> {
   |                                           ^^^^^^^^^ help: if this is intentional, prefix it with an underscore: `_last_hash`

warning: `mem-authz` (lib) generated 3 warnings (run `cargo fix --lib -p mem-authz` to apply 3 suggestions)
warning: `mem-authz` (lib test) generated 3 warnings (3 duplicates)
       Fresh mem-authz v0.0.1 (/private/var/folders/1s/3q3l6nws2g51h8l00lp0nm7h0000gn/T/cargo-mutants-citrate-memories-z1vdqe.tmp/crates/mem-authz)
    Finished `test` profile [unoptimized + debuginfo] target(s) in 0.05s
     Running `/private/var/folders/1s/3q3l6nws2g51h8l00lp0nm7h0000gn/T/cargo-mutants-citrate-memories-z1vdqe.tmp/target/debug/deps/mem_authz-7895e4adb5dd2228`

running 17 tests
test audit::tests::is_empty_and_len_track_records ... ok
test audit::tests::appends_and_verifies ... ok
test audit::tests::tampering_is_detected ... ok
test audit::tests::log_path_is_some_for_persistent_and_none_for_in_memory ... ok
test grant::tests::tampering_invalidates_signature ... ok
test grant::tests::expiry_and_revocation_block ... ok
test grant::tests::denies_unscoped_resource ... ok
test grant::tests::denies_write_when_read_only ... ok
test grant::tests::signed_grant_allows_scoped_read ... ok
test audit::tests::log_more_than_one_ahead_of_head_is_rejected ... FAILED
test audit::tests::missing_head_sidecar_is_detected_on_open ... FAILED
test grant::tests::wildcard_scope_matches_any_repo ... ok
test audit::tests::crash_window_log_one_ahead_of_head_is_accepted_and_repaired ... FAILED
test audit::tests::open_creates_missing_parent_directory ... ok
test audit::tests::tampered_log_record_is_detected_on_open ... ok
test audit::tests::persists_resumes_and_continues_across_reopen ... FAILED
test audit::tests::truncated_log_is_detected_on_open ... FAILED

failures:

---- audit::tests::log_more_than_one_ahead_of_head_is_rejected stdout ----

thread 'audit::tests::log_more_than_one_ahead_of_head_is_rejected' (2776980) panicked at crates/mem-authz/src/audit.rs:441:46:
snapshot head: Os { code: 2, kind: NotFound, message: "No such file or directory" }
note: run with `RUST_BACKTRACE=1` environment variable to display a backtrace

---- audit::tests::missing_head_sidecar_is_detected_on_open stdout ----

thread 'audit::tests::missing_head_sidecar_is_detected_on_open' (2776982) panicked at crates/mem-authz/src/audit.rs:406:52:
remove head: Os { code: 2, kind: NotFound, message: "No such file or directory" }

---- audit::tests::crash_window_log_one_ahead_of_head_is_accepted_and_repaired stdout ----

thread 'audit::tests::crash_window_log_one_ahead_of_head_is_accepted_and_repaired' (2776978) panicked at crates/mem-authz/src/audit.rs:420:46:
snapshot head: Os { code: 2, kind: NotFound, message: "No such file or directory" }

---- audit::tests::persists_resumes_and_continues_across_reopen stdout ----

thread 'audit::tests::persists_resumes_and_continues_across_reopen' (2776984) panicked at crates/mem-authz/src/audit.rs:346:49:
reopen: Corrupt("head sidecar missing/unreadable (No such file or directory (os error 2)) — possible tamper")

---- audit::tests::truncated_log_is_detected_on_open stdout ----

thread 'audit::tests::truncated_log_is_detected_on_open' (2776987) panicked at crates/mem-authz/src/audit.rs:377:23:
expected Truncated {3, 2}, got error: audit log corrupt: head sidecar missing/unreadable (No such file or directory (os error 2)) — possible tamper


failures:
    audit::tests::crash_window_log_one_ahead_of_head_is_accepted_and_repaired
    audit::tests::log_more_than_one_ahead_of_head_is_rejected
    audit::tests::missing_head_sidecar_is_detected_on_open
    audit::tests::persists_resumes_and_continues_across_reopen
    audit::tests::truncated_log_is_detected_on_open

test result: FAILED. 12 passed; 5 failed; 0 ignored; 0 measured; 0 filtered out; finished in 0.04s

error: test failed, to rerun pass `-p mem-authz --lib`

*** result: Failure(101)
